INFO:sort.motion:Connected to motion hardware on /dev/ttyACM0
INFO:sort.motion:Configured 34 cells (XY coordinates only)
INFO:sort.camera:Camera configured: device=1 resolution=(1280, 720) fps=30 use_fake=False
DEBUG:sort.camera:Attempting to open camera device: 1
DEBUG:sort.camera:Trying to open camera 1 with default API
DEBUG:sort.camera:Successfully opened camera 1
INFO:sort.camera:Camera 1 opened: 1280x720 @ 10fps
DEBUG:sort.camera:Camera device 1 opened successfully during configuration
INFO:sort.api:Camera configured: device=1, use_fake=False
INFO:sort.api:✓ Camera verification successful: (1280, 720) @ 30fps
INFO:sort.api:✓ Camera test frame captured successfully: shape=(720, 1280, 3)
INFO:sort.feeder_monitor:Feeder monitor configured for cells: ['A1', 'A2', 'A3']
/home/baxterkrug/Documents/sort.me/main.py:154: DeprecationWarning: 
        on_event is deprecated, use lifespan event handlers instead.

        Read more about it in the
        [FastAPI docs for Lifespan Events](https://fastapi.tiangolo.com/advanced/events/).
        
  @app.on_event("startup")
DEBUG:asyncio:Using selector: EpollSelector
INFO:     Started server process [239166]
INFO:     Waiting for application startup.
INFO:sort.api:============================================================
INFO:sort.api:SYSTEM STARTUP SUMMARY
INFO:sort.api:============================================================
INFO:sort.api:✓ Camera: ONLINE (device=1, (1280, 720))
INFO:sort.api:✓ Motion: Configured
INFO:sort.api:  Cells configured: 34
INFO:sort.api:  Sort mode: alpha_exact
INFO:sort.api:  Sort operation: None
INFO:sort.api:============================================================
INFO:sort.api:Server ready at http://0.0.0.0:8000
INFO:sort.api:============================================================
INFO:     Application startup complete.
INFO:     Uvicorn running on http://0.0.0.0:8000 (Press CTRL+C to quit)
INFO:sort.motion:GCodeDriver -> M114
INFO:sort.motion:GCodeDriver <- echo:busy: paused for user
DEBUG:sort.motion:Position parsing - Raw line: 'echo:busy: paused for user'
DEBUG:sort.motion:Position parsing - After Count split: 'echo:busy: paused for user'
DEBUG:sort.motion:Position parsing - Parts: ['echo:busy:', 'paused', 'for', 'user']
DEBUG:sort.motion:Position parsing - Final result: (0.000, 0.000, 0.000) found=False
WARNING:sort.motion:query_position: no X/Y/Z tokens in driver response; returning cached position (0.0, 0.0, 0.0)
INFO:     127.0.0.1:46546 - "GET /status HTTP/1.1" 200 OK
INFO:     127.0.0.1:46546 - "GET / HTTP/1.1" 200 OK
INFO:     127.0.0.1:46546 - "GET /static/app.js HTTP/1.1" 200 OK
INFO:sort.motion:GCodeDriver -> M114
INFO:sort.motion:GCodeDriver <- echo:busy: paused for user
DEBUG:sort.motion:Position parsing - Raw line: 'echo:busy: paused for user'
DEBUG:sort.motion:Position parsing - After Count split: 'echo:busy: paused for user'
DEBUG:sort.motion:Position parsing - Parts: ['echo:busy:', 'paused', 'for', 'user']
DEBUG:sort.motion:Position parsing - Final result: (0.000, 0.000, 0.000) found=False
WARNING:sort.motion:query_position: no X/Y/Z tokens in driver response; returning cached position (0.0, 0.0, 0.0)
INFO:     127.0.0.1:46546 - "GET /status HTTP/1.1" 200 OK
INFO:sort.motion:GCodeDriver -> M114
INFO:sort.motion:GCodeDriver <- echo:busy: paused for user
DEBUG:sort.motion:Position parsing - Raw line: 'echo:busy: paused for user'
DEBUG:sort.motion:Position parsing - After Count split: 'echo:busy: paused for user'
DEBUG:sort.motion:Position parsing - Parts: ['echo:busy:', 'paused', 'for', 'user']
DEBUG:sort.motion:Position parsing - Final result: (0.000, 0.000, 0.000) found=False
WARNING:sort.motion:query_position: no X/Y/Z tokens in driver response; returning cached position (0.0, 0.0, 0.0)
INFO:     127.0.0.1:46546 - "GET /status HTTP/1.1" 200 OK
INFO:sort.motion:Starting sequential homing: X -> Y -> Z
INFO:sort.motion:Homing X axis...
INFO:sort.motion:GCodeDriver -> G28 X
INFO:sort.motion:GCodeDriver -> M114
INFO:sort.motion:GCodeDriver <- echo:busy: paused for user
DEBUG:sort.motion:Position parsing - Raw line: 'echo:busy: paused for user'
DEBUG:sort.motion:Position parsing - After Count split: 'echo:busy: paused for user'
DEBUG:sort.motion:Position parsing - Parts: ['echo:busy:', 'paused', 'for', 'user']
DEBUG:sort.motion:Position parsing - Final result: (0.000, 0.000, 0.000) found=False
WARNING:sort.motion:query_position: no X/Y/Z tokens in driver response; returning cached position (0.0, 0.0, 0.0)
INFO:     127.0.0.1:46548 - "GET /status HTTP/1.1" 200 OK
INFO:sort.motion:GCodeDriver -> M114
INFO:sort.motion:GCodeDriver <- (no response)
INFO:sort.motion:X axis homed
INFO:sort.motion:Homing Y axis...
INFO:sort.motion:GCodeDriver -> G28 Y
WARNING:sort.motion:Serial connection error detected (SerialException): device reports readiness to read but returned no data (device disconnected or multiple access on port?). Attempting to reconnect...
INFO:sort.motion:GCodeDriver (retry) -> G28 Y
WARNING:sort.motion:Serial connection error detected (TypeError): 'NoneType' object cannot be interpreted as an integer. Attempting to reconnect...
INFO:sort.motion:GCodeDriver (retry) -> M114
ERROR:sort.motion:GCodeDriver retry also failed for cmd=G28 Y: (9, 'Bad file descriptor')
Traceback (most recent call last):
  File "/home/baxterkrug/Documents/sort.me/app/services/motion.py", line 229, in send_gcode
    lines = await loop.run_in_executor(None, self._read_lines_blocking, timeout)
            ^^^^^^^^^^^^^^^^^^^^^^^^^^^^^^^^^^^^^^^^^^^^^^^^^^^^^^^^^^^^^^^^^^^^
  File "/usr/lib64/python3.13/concurrent/futures/thread.py", line 59, in run
    result = self.fn(*self.args, **self.kwargs)
  File "/home/baxterkrug/Documents/sort.me/app/services/motion.py", line 194, in _read_lines_blocking
    data = self._serial.read(1024)
  File "/usr/lib/python3.13/site-packages/serial/serialposix.py", line 595, in read
    raise SerialException(
        'device reports readiness to read but returned no data '
        '(device disconnected or multiple access on port?)')
serial.serialutil.SerialException: device reports readiness to read but returned no data (device disconnected or multiple access on port?)

During handling of the above exception, another exception occurred:

Traceback (most recent call last):
  File "/home/baxterkrug/Documents/sort.me/app/services/motion.py", line 254, in send_gcode
    await loop.run_in_executor(None, self._write_blocking, cmd)
  File "/usr/lib64/python3.13/concurrent/futures/thread.py", line 59, in run
    result = self.fn(*self.args, **self.kwargs)
  File "/home/baxterkrug/Documents/sort.me/app/services/motion.py", line 218, in _write_blocking
    self._serial.flush()
    ~~~~~~~~~~~~~~~~~~^^
  File "/usr/lib/python3.13/site-packages/serial/serialposix.py", line 673, in flush
    termios.tcdrain(self.fd)
    ~~~~~~~~~~~~~~~^^^^^^^^^
termios.error: (9, 'Bad file descriptor')
INFO:     127.0.0.1:46546 - "POST /motion/home HTTP/1.1" 500 Internal Server Error
ERROR:    Exception in ASGI application
Traceback (most recent call last):
  File "/home/baxterkrug/Documents/sort.me/app/services/motion.py", line 229, in send_gcode
    lines = await loop.run_in_executor(None, self._read_lines_blocking, timeout)
            ^^^^^^^^^^^^^^^^^^^^^^^^^^^^^^^^^^^^^^^^^^^^^^^^^^^^^^^^^^^^^^^^^^^^
  File "/usr/lib64/python3.13/concurrent/futures/thread.py", line 59, in run
    result = self.fn(*self.args, **self.kwargs)
  File "/home/baxterkrug/Documents/sort.me/app/services/motion.py", line 194, in _read_lines_blocking
    data = self._serial.read(1024)
  File "/usr/lib/python3.13/site-packages/serial/serialposix.py", line 595, in read
    raise SerialException(
        'device reports readiness to read but returned no data '
        '(device disconnected or multiple access on port?)')
serial.serialutil.SerialException: device reports readiness to read but returned no data (device disconnected or multiple access on port?)

The above exception was the direct cause of the following exception:

Traceback (most recent call last):
  File "/home/baxterkrug/.local/lib/python3.13/site-packages/uvicorn/protocols/http/h11_impl.py", line 403, in run_asgi
    result = await app(  # type: ignore[func-returns-value]
             ^^^^^^^^^^^^^^^^^^^^^^^^^^^^^^^^^^^^^^^^^^^^^^
        self.scope, self.receive, self.send
        ^^^^^^^^^^^^^^^^^^^^^^^^^^^^^^^^^^^
    )
    ^
  File "/home/baxterkrug/.local/lib/python3.13/site-packages/uvicorn/middleware/proxy_headers.py", line 60, in __call__
    return await self.app(scope, receive, send)
           ^^^^^^^^^^^^^^^^^^^^^^^^^^^^^^^^^^^^
  File "/home/baxterkrug/.local/lib/python3.13/site-packages/fastapi/applications.py", line 1134, in __call__
    await super().__call__(scope, receive, send)
  File "/home/baxterkrug/.local/lib/python3.13/site-packages/starlette/applications.py", line 113, in __call__
    await self.middleware_stack(scope, receive, send)
  File "/home/baxterkrug/.local/lib/python3.13/site-packages/starlette/middleware/errors.py", line 186, in __call__
    raise exc
  File "/home/baxterkrug/.local/lib/python3.13/site-packages/starlette/middleware/errors.py", line 164, in __call__
    await self.app(scope, receive, _send)
  File "/home/baxterkrug/.local/lib/python3.13/site-packages/starlette/middleware/base.py", line 191, in __call__
    with recv_stream, send_stream, collapse_excgroups():
                                   ~~~~~~~~~~~~~~~~~~^^
  File "/usr/lib64/python3.13/contextlib.py", line 162, in __exit__
    self.gen.throw(value)
    ~~~~~~~~~~~~~~^^^^^^^
  File "/home/baxterkrug/.local/lib/python3.13/site-packages/starlette/_utils.py", line 85, in collapse_excgroups
    raise exc
  File "/home/baxterkrug/.local/lib/python3.13/site-packages/starlette/middleware/base.py", line 193, in __call__
    response = await self.dispatch_func(request, call_next)
               ^^^^^^^^^^^^^^^^^^^^^^^^^^^^^^^^^^^^^^^^^^^^
  File "/home/baxterkrug/Documents/sort.me/main.py", line 649, in dev_cache_control
    response = await call_next(request)
               ^^^^^^^^^^^^^^^^^^^^^^^^
  File "/home/baxterkrug/.local/lib/python3.13/site-packages/starlette/middleware/base.py", line 168, in call_next
    raise app_exc from app_exc.__cause__ or app_exc.__context__
  File "/home/baxterkrug/.local/lib/python3.13/site-packages/starlette/middleware/base.py", line 144, in coro
    await self.app(scope, receive_or_disconnect, send_no_error)
  File "/home/baxterkrug/.local/lib/python3.13/site-packages/starlette/middleware/exceptions.py", line 63, in __call__
    await wrap_app_handling_exceptions(self.app, conn)(scope, receive, send)
  File "/home/baxterkrug/.local/lib/python3.13/site-packages/starlette/_exception_handler.py", line 53, in wrapped_app
    raise exc
  File "/home/baxterkrug/.local/lib/python3.13/site-packages/starlette/_exception_handler.py", line 42, in wrapped_app
    await app(scope, receive, sender)
  File "/home/baxterkrug/.local/lib/python3.13/site-packages/fastapi/middleware/asyncexitstack.py", line 18, in __call__
    await self.app(scope, receive, send)
  File "/home/baxterkrug/.local/lib/python3.13/site-packages/starlette/routing.py", line 716, in __call__
    await self.middleware_stack(scope, receive, send)
  File "/home/baxterkrug/.local/lib/python3.13/site-packages/starlette/routing.py", line 736, in app
    await route.handle(scope, receive, send)
  File "/home/baxterkrug/.local/lib/python3.13/site-packages/starlette/routing.py", line 290, in handle
    await self.app(scope, receive, send)
  File "/home/baxterkrug/.local/lib/python3.13/site-packages/fastapi/routing.py", line 125, in app
    await wrap_app_handling_exceptions(app, request)(scope, receive, send)
  File "/home/baxterkrug/.local/lib/python3.13/site-packages/starlette/_exception_handler.py", line 53, in wrapped_app
    raise exc
  File "/home/baxterkrug/.local/lib/python3.13/site-packages/starlette/_exception_handler.py", line 42, in wrapped_app
    await app(scope, receive, sender)
  File "/home/baxterkrug/.local/lib/python3.13/site-packages/fastapi/routing.py", line 111, in app
    response = await f(request)
               ^^^^^^^^^^^^^^^^
  File "/home/baxterkrug/.local/lib/python3.13/site-packages/fastapi/routing.py", line 391, in app
    raw_response = await run_endpoint_function(
                   ^^^^^^^^^^^^^^^^^^^^^^^^^^^^
    ...<3 lines>...
    )
    ^
  File "/home/baxterkrug/.local/lib/python3.13/site-packages/fastapi/routing.py", line 290, in run_endpoint_function
    return await dependant.call(**values)
           ^^^^^^^^^^^^^^^^^^^^^^^^^^^^^^
  File "/home/baxterkrug/Documents/sort.me/main.py", line 848, in motion_home
    await MOTION.home_all()
  File "/home/baxterkrug/Documents/sort.me/app/services/motion.py", line 508, in home_all
    await self.driver.send_gcode('G28 Y')
  File "/home/baxterkrug/Documents/sort.me/app/services/motion.py", line 254, in send_gcode
    await loop.run_in_executor(None, self._write_blocking, cmd)
  File "/usr/lib64/python3.13/concurrent/futures/thread.py", line 59, in run
    result = self.fn(*self.args, **self.kwargs)
  File "/home/baxterkrug/Documents/sort.me/app/services/motion.py", line 218, in _write_blocking
    self._serial.flush()
    ~~~~~~~~~~~~~~~~~~^^
  File "/usr/lib/python3.13/site-packages/serial/serialposix.py", line 673, in flush
    termios.tcdrain(self.fd)
    ~~~~~~~~~~~~~~~^^^^^^^^^
termios.error: (9, 'Bad file descriptor')
INFO:sort.motion:GCodeDriver (retry) <- (no response)
INFO:sort.motion:Serial reconnection successful
INFO:sort.motion:Position cache reset to safe position (0, 0, 145) after reconnection
DEBUG:sort.motion:Position parsing - Final result: (0.000, 0.000, 0.000) found=False
WARNING:sort.motion:query_position: no X/Y/Z tokens in driver response; returning cached position (0.0, 0.0, 145.0)
INFO:     127.0.0.1:46548 - "GET /status HTTP/1.1" 200 OK
INFO:sort.motion:GCodeDriver -> M114
INFO:sort.motion:GCodeDriver <- echo:busy: paused for user | echo:busy: paused for user
DEBUG:sort.motion:Position parsing - Raw line: 'echo:busy: paused for user'
DEBUG:sort.motion:Position parsing - After Count split: 'echo:busy: paused for user'
DEBUG:sort.motion:Position parsing - Parts: ['echo:busy:', 'paused', 'for', 'user']
DEBUG:sort.motion:Position parsing - Raw line: 'echo:busy: paused for user'
DEBUG:sort.motion:Position parsing - After Count split: 'echo:busy: paused for user'
DEBUG:sort.motion:Position parsing - Parts: ['echo:busy:', 'paused', 'for', 'user']
DEBUG:sort.motion:Position parsing - Final result: (0.000, 0.000, 0.000) found=False
WARNING:sort.motion:query_position: no X/Y/Z tokens in driver response; returning cached position (0.0, 0.0, 145.0)
INFO:     127.0.0.1:46548 - "GET /status HTTP/1.1" 200 OK
INFO:sort.motion:GCodeDriver -> M114
INFO:sort.motion:GCodeDriver <- echo:busy: paused for user
DEBUG:sort.motion:Position parsing - Raw line: 'echo:busy: paused for user'
DEBUG:sort.motion:Position parsing - After Count split: 'echo:busy: paused for user'
DEBUG:sort.motion:Position parsing - Parts: ['echo:busy:', 'paused', 'for', 'user']
DEBUG:sort.motion:Position parsing - Final result: (0.000, 0.000, 0.000) found=False
WARNING:sort.motion:query_position: no X/Y/Z tokens in driver response; returning cached position (0.0, 0.0, 145.0)
INFO:     127.0.0.1:46548 - "GET /status HTTP/1.1" 200 OK
INFO:sort.motion:GCodeDriver -> M114
INFO:sort.motion:GCodeDriver <- echo:busy: paused for user
DEBUG:sort.motion:Position parsing - Raw line: 'echo:busy: paused for user'
DEBUG:sort.motion:Position parsing - After Count split: 'echo:busy: paused for user'
DEBUG:sort.motion:Position parsing - Parts: ['echo:busy:', 'paused', 'for', 'user']
DEBUG:sort.motion:Position parsing - Final result: (0.000, 0.000, 0.000) found=False
WARNING:sort.motion:query_position: no X/Y/Z tokens in driver response; returning cached position (0.0, 0.0, 145.0)
INFO:     127.0.0.1:46548 - "GET /status HTTP/1.1" 200 OK
INFO:sort.motion:GCodeDriver -> M114
INFO:sort.motion:GCodeDriver <- echo:busy: paused for user
DEBUG:sort.motion:Position parsing - Raw line: 'echo:busy: paused for user'
DEBUG:sort.motion:Position parsing - After Count split: 'echo:busy: paused for user'
DEBUG:sort.motion:Position parsing - Parts: ['echo:busy:', 'paused', 'for', 'user']
DEBUG:sort.motion:Position parsing - Final result: (0.000, 0.000, 0.000) found=False
WARNING:sort.motion:query_position: no X/Y/Z tokens in driver response; returning cached position (0.0, 0.0, 145.0)
INFO:     127.0.0.1:46548 - "GET /status HTTP/1.1" 200 OK
INFO:sort.motion:GCodeDriver -> M114
INFO:sort.motion:GCodeDriver <- echo:busy: paused for user
DEBUG:sort.motion:Position parsing - Raw line: 'echo:busy: paused for user'
DEBUG:sort.motion:Position parsing - After Count split: 'echo:busy: paused for user'
DEBUG:sort.motion:Position parsing - Parts: ['echo:busy:', 'paused', 'for', 'user']
DEBUG:sort.motion:Position parsing - Final result: (0.000, 0.000, 0.000) found=False
WARNING:sort.motion:query_position: no X/Y/Z tokens in driver response; returning cached position (0.0, 0.0, 145.0)
INFO:     127.0.0.1:46548 - "GET /status HTTP/1.1" 200 OK
INFO:sort.motion:GCodeDriver -> M114
INFO:sort.motion:GCodeDriver <- echo:busy: paused for user
DEBUG:sort.motion:Position parsing - Raw line: 'echo:busy: paused for user'
DEBUG:sort.motion:Position parsing - After Count split: 'echo:busy: paused for user'
DEBUG:sort.motion:Position parsing - Parts: ['echo:busy:', 'paused', 'for', 'user']
DEBUG:sort.motion:Position parsing - Final result: (0.000, 0.000, 0.000) found=False
WARNING:sort.motion:query_position: no X/Y/Z tokens in driver response; returning cached position (0.0, 0.0, 145.0)
INFO:     127.0.0.1:46548 - "GET /status HTTP/1.1" 200 OK
INFO:sort.motion:GCodeDriver -> M114
INFO:sort.motion:GCodeDriver <- echo:busy: paused for user
DEBUG:sort.motion:Position parsing - Raw line: 'echo:busy: paused for user'
DEBUG:sort.motion:Position parsing - After Count split: 'echo:busy: paused for user'
DEBUG:sort.motion:Position parsing - Parts: ['echo:busy:', 'paused', 'for', 'user']
DEBUG:sort.motion:Position parsing - Final result: (0.000, 0.000, 0.000) found=False
WARNING:sort.motion:query_position: no X/Y/Z tokens in driver response; returning cached position (0.0, 0.0, 145.0)
INFO:     127.0.0.1:46548 - "GET /status HTTP/1.1" 200 OK
INFO:sort.motion:GCodeDriver -> M114
INFO:sort.motion:GCodeDriver <- echo:busy: paused for user
DEBUG:sort.motion:Position parsing - Raw line: 'echo:busy: paused for user'
DEBUG:sort.motion:Position parsing - After Count split: 'echo:busy: paused for user'
DEBUG:sort.motion:Position parsing - Parts: ['echo:busy:', 'paused', 'for', 'user']
DEBUG:sort.motion:Position parsing - Final result: (0.000, 0.000, 0.000) found=False
WARNING:sort.motion:query_position: no X/Y/Z tokens in driver response; returning cached position (0.0, 0.0, 145.0)
INFO:     127.0.0.1:46548 - "GET /status HTTP/1.1" 200 OK
INFO:sort.motion:GCodeDriver -> M114
INFO:sort.motion:GCodeDriver <- echo:busy: paused for user
DEBUG:sort.motion:Position parsing - Raw line: 'echo:busy: paused for user'
DEBUG:sort.motion:Position parsing - After Count split: 'echo:busy: paused for user'
DEBUG:sort.motion:Position parsing - Parts: ['echo:busy:', 'paused', 'for', 'user']
DEBUG:sort.motion:Position parsing - Final result: (0.000, 0.000, 0.000) found=False
WARNING:sort.motion:query_position: no X/Y/Z tokens in driver response; returning cached position (0.0, 0.0, 145.0)
INFO:     127.0.0.1:46548 - "GET /status HTTP/1.1" 200 OK
INFO:sort.motion:GCodeDriver -> M114
INFO:sort.motion:GCodeDriver <- echo:busy: paused for user
DEBUG:sort.motion:Position parsing - Raw line: 'echo:busy: paused for user'
DEBUG:sort.motion:Position parsing - After Count split: 'echo:busy: paused for user'
DEBUG:sort.motion:Position parsing - Parts: ['echo:busy:', 'paused', 'for', 'user']
DEBUG:sort.motion:Position parsing - Final result: (0.000, 0.000, 0.000) found=False
WARNING:sort.motion:query_position: no X/Y/Z tokens in driver response; returning cached position (0.0, 0.0, 145.0)
INFO:     127.0.0.1:46548 - "GET /status HTTP/1.1" 200 OK
INFO:sort.motion:GCodeDriver -> M114
INFO:     127.0.0.1:49492 - "GET / HTTP/1.1" 200 OK
INFO:     127.0.0.1:49492 - "GET /static/app.js HTTP/1.1" 200 OK
INFO:sort.motion:GCodeDriver -> M114
INFO:sort.motion:GCodeDriver <- echo:busy: paused for user
DEBUG:sort.motion:Position parsing - Raw line: 'echo:busy: paused for user'
DEBUG:sort.motion:Position parsing - After Count split: 'echo:busy: paused for user'
DEBUG:sort.motion:Position parsing - Parts: ['echo:busy:', 'paused', 'for', 'user']
DEBUG:sort.motion:Position parsing - Final result: (0.000, 0.000, 0.000) found=False
WARNING:sort.motion:query_position: no X/Y/Z tokens in driver response; returning cached position (0.0, 0.0, 145.0)
INFO:sort.motion:GCodeDriver <- (no response)
DEBUG:sort.motion:Position parsing - Final result: (0.000, 0.000, 0.000) found=False
WARNING:sort.motion:query_position: no X/Y/Z tokens in driver response; returning cached position (0.0, 0.0, 145.0)
INFO:     127.0.0.1:49492 - "GET /status HTTP/1.1" 200 OK
INFO:sort.motion:GCodeDriver -> M114
INFO:sort.motion:Starting sequential homing: X -> Y -> Z
INFO:sort.motion:Homing X axis...
INFO:sort.motion:GCodeDriver -> G28 X
INFO:sort.motion:GCodeDriver <- echo:busy: paused for user
DEBUG:sort.motion:Position parsing - Raw line: 'echo:busy: paused for user'
DEBUG:sort.motion:Position parsing - After Count split: 'echo:busy: paused for user'
DEBUG:sort.motion:Position parsing - Parts: ['echo:busy:', 'paused', 'for', 'user']
DEBUG:sort.motion:Position parsing - Final result: (0.000, 0.000, 0.000) found=False
WARNING:sort.motion:query_position: no X/Y/Z tokens in driver response; returning cached position (0.0, 0.0, 145.0)
INFO:     127.0.0.1:49492 - "GET /status HTTP/1.1" 200 OK
INFO:sort.motion:GCodeDriver -> M114
INFO:sort.motion:GCodeDriver <- echo:busy: paused for user
INFO:sort.motion:X axis homed
INFO:sort.motion:Homing Y axis...
INFO:sort.motion:GCodeDriver -> G28 Y
INFO:sort.motion:GCodeDriver <- (no response)
DEBUG:sort.motion:Position parsing - Final result: (0.000, 0.000, 0.000) found=False
WARNING:sort.motion:query_position: no X/Y/Z tokens in driver response; returning cached position (0.0, 0.0, 145.0)
INFO:     127.0.0.1:49492 - "GET /status HTTP/1.1" 200 OK
INFO:sort.motion:GCodeDriver -> M114
INFO:sort.motion:GCodeDriver <- echo:busy: paused for user
INFO:sort.motion:Y axis homed
INFO:sort.motion:Homing Z axis...
INFO:sort.motion:GCodeDriver -> G28 Z
INFO:sort.motion:GCodeDriver <- (no response)
DEBUG:sort.motion:Position parsing - Final result: (0.000, 0.000, 0.000) found=False
WARNING:sort.motion:query_position: no X/Y/Z tokens in driver response; returning cached position (0.0, 0.0, 145.0)
INFO:     127.0.0.1:36060 - "GET /status HTTP/1.1" 200 OK
INFO:sort.motion:GCodeDriver -> M114
INFO:sort.motion:GCodeDriver <- echo:busy: paused for user
INFO:sort.motion:Z axis homed
INFO:sort.motion:All axes homed. Position reset to (0.0, 0.0, 0.0)
INFO:sort.motion:Starting sequential homing: X -> Y -> Z
INFO:sort.motion:Homing X axis...
INFO:sort.motion:GCodeDriver -> G28 X
INFO:     127.0.0.1:49504 - "POST /motion/home HTTP/1.1" 200 OK
INFO:sort.motion:GCodeDriver <- (no response)
DEBUG:sort.motion:Position parsing - Final result: (0.000, 0.000, 0.000) found=False
WARNING:sort.motion:query_position: no X/Y/Z tokens in driver response; returning cached position (0.0, 0.0, 145.0)
INFO:     127.0.0.1:36060 - "GET /status HTTP/1.1" 200 OK
INFO:sort.motion:GCodeDriver -> M114
INFO:sort.motion:GCodeDriver <- echo:busy: paused for user
INFO:sort.motion:X axis homed
INFO:sort.motion:Homing Y axis...
INFO:sort.motion:GCodeDriver -> G28 Y
INFO:sort.motion:GCodeDriver <- (no response)
DEBUG:sort.motion:Position parsing - Final result: (0.000, 0.000, 0.000) found=False
WARNING:sort.motion:query_position: no X/Y/Z tokens in driver response; returning cached position (0.0, 0.0, 145.0)
INFO:     127.0.0.1:36060 - "GET /status HTTP/1.1" 200 OK
INFO:sort.motion:GCodeDriver -> M114
INFO:sort.motion:GCodeDriver <- echo:busy: paused for user
INFO:sort.motion:Y axis homed
INFO:sort.motion:Homing Z axis...
INFO:sort.motion:GCodeDriver -> G28 Z
INFO:sort.motion:GCodeDriver <- (no response)
DEBUG:sort.motion:Position parsing - Final result: (0.000, 0.000, 0.000) found=False
WARNING:sort.motion:query_position: no X/Y/Z tokens in driver response; returning cached position (0.0, 0.0, 145.0)
INFO:     127.0.0.1:36060 - "GET /status HTTP/1.1" 200 OK
INFO:sort.motion:GCodeDriver -> M114
INFO:sort.motion:GCodeDriver <- echo:busy: paused for user
INFO:sort.motion:Z axis homed
INFO:sort.motion:All axes homed. Position reset to (0.0, 0.0, 0.0)
INFO:sort.motion:Starting sequential homing: X -> Y -> Z
INFO:sort.motion:Homing X axis...
INFO:sort.motion:GCodeDriver -> G28 X
INFO:     127.0.0.1:49492 - "POST /motion/home HTTP/1.1" 200 OK
INFO:sort.motion:GCodeDriver <- (no response)
DEBUG:sort.motion:Position parsing - Final result: (0.000, 0.000, 0.000) found=False
WARNING:sort.motion:query_position: no X/Y/Z tokens in driver response; returning cached position (0.0, 0.0, 145.0)
INFO:     127.0.0.1:36060 - "GET /status HTTP/1.1" 200 OK
INFO:sort.motion:GCodeDriver -> M114
INFO:sort.motion:GCodeDriver <- echo:busy: paused for user
INFO:sort.motion:X axis homed
INFO:sort.motion:Homing Y axis...
INFO:sort.motion:GCodeDriver -> G28 Y
INFO:sort.motion:GCodeDriver <- (no response)
DEBUG:sort.motion:Position parsing - Final result: (0.000, 0.000, 0.000) found=False
WARNING:sort.motion:query_position: no X/Y/Z tokens in driver response; returning cached position (0.0, 0.0, 145.0)
INFO:     127.0.0.1:49492 - "GET /status HTTP/1.1" 200 OK
INFO:sort.motion:GCodeDriver -> M114
INFO:sort.motion:GCodeDriver <- echo:busy: paused for user
INFO:sort.motion:Y axis homed
INFO:sort.motion:Homing Z axis...
INFO:sort.motion:GCodeDriver -> G28 Z
INFO:sort.motion:GCodeDriver <- (no response)
DEBUG:sort.motion:Position parsing - Final result: (0.000, 0.000, 0.000) found=False
WARNING:sort.motion:query_position: no X/Y/Z tokens in driver response; returning cached position (0.0, 0.0, 145.0)
INFO:     127.0.0.1:49492 - "GET /status HTTP/1.1" 200 OK
INFO:sort.motion:GCodeDriver -> M114
INFO:sort.motion:GCodeDriver <- echo:busy: paused for user
INFO:sort.motion:Z axis homed
INFO:sort.motion:All axes homed. Position reset to (0.0, 0.0, 0.0)
INFO:     127.0.0.1:49504 - "POST /motion/home HTTP/1.1" 200 OK
INFO:sort.motion:GCodeDriver <- (no response)
DEBUG:sort.motion:Position parsing - Final result: (0.000, 0.000, 0.000) found=False
WARNING:sort.motion:query_position: no X/Y/Z tokens in driver response; returning cached position (0.0, 0.0, 145.0)
INFO:     127.0.0.1:49492 - "GET /status HTTP/1.1" 200 OK
INFO:sort.motion:GCodeDriver -> M114
INFO:sort.motion:GCodeDriver <- echo:busy: paused for user
DEBUG:sort.motion:Position parsing - Raw line: 'echo:busy: paused for user'
DEBUG:sort.motion:Position parsing - After Count split: 'echo:busy: paused for user'
DEBUG:sort.motion:Position parsing - Parts: ['echo:busy:', 'paused', 'for', 'user']
DEBUG:sort.motion:Position parsing - Final result: (0.000, 0.000, 0.000) found=False
WARNING:sort.motion:query_position: no X/Y/Z tokens in driver response; returning cached position (0.0, 0.0, 145.0)
INFO:     127.0.0.1:49492 - "GET /status HTTP/1.1" 200 OK
INFO:sort.motion:GCodeDriver -> M114
INFO:sort.motion:GCodeDriver <- echo:busy: paused for user
DEBUG:sort.motion:Position parsing - Raw line: 'echo:busy: paused for user'
DEBUG:sort.motion:Position parsing - After Count split: 'echo:busy: paused for user'
DEBUG:sort.motion:Position parsing - Parts: ['echo:busy:', 'paused', 'for', 'user']
DEBUG:sort.motion:Position parsing - Final result: (0.000, 0.000, 0.000) found=False
WARNING:sort.motion:query_position: no X/Y/Z tokens in driver response; returning cached position (0.0, 0.0, 145.0)
INFO:     127.0.0.1:49492 - "GET /status HTTP/1.1" 200 OK
INFO:sort.motion:GCodeDriver -> M114
INFO:sort.motion:GCodeDriver <- echo:busy: paused for user
DEBUG:sort.motion:Position parsing - Raw line: 'echo:busy: paused for user'
DEBUG:sort.motion:Position parsing - After Count split: 'echo:busy: paused for user'
DEBUG:sort.motion:Position parsing - Parts: ['echo:busy:', 'paused', 'for', 'user']
DEBUG:sort.motion:Position parsing - Final result: (0.000, 0.000, 0.000) found=False
WARNING:sort.motion:query_position: no X/Y/Z tokens in driver response; returning cached position (0.0, 0.0, 145.0)
INFO:     127.0.0.1:49492 - "GET /status HTTP/1.1" 200 OK
INFO:sort.motion:GCodeDriver -> M114
INFO:sort.motion:GCodeDriver <- echo:busy: paused for user
DEBUG:sort.motion:Position parsing - Raw line: 'echo:busy: paused for user'
DEBUG:sort.motion:Position parsing - After Count split: 'echo:busy: paused for user'
DEBUG:sort.motion:Position parsing - Parts: ['echo:busy:', 'paused', 'for', 'user']
DEBUG:sort.motion:Position parsing - Final result: (0.000, 0.000, 0.000) found=False
WARNING:sort.motion:query_position: no X/Y/Z tokens in driver response; returning cached position (0.0, 0.0, 145.0)
INFO:     127.0.0.1:49492 - "GET /status HTTP/1.1" 200 OK
INFO:sort.motion:GCodeDriver -> M114
INFO:sort.motion:GCodeDriver <- echo:busy: paused for user
DEBUG:sort.motion:Position parsing - Raw line: 'echo:busy: paused for user'
DEBUG:sort.motion:Position parsing - After Count split: 'echo:busy: paused for user'
DEBUG:sort.motion:Position parsing - Parts: ['echo:busy:', 'paused', 'for', 'user']
DEBUG:sort.motion:Position parsing - Final result: (0.000, 0.000, 0.000) found=False
WARNING:sort.motion:query_position: no X/Y/Z tokens in driver response; returning cached position (0.0, 0.0, 145.0)
INFO:     127.0.0.1:49492 - "GET /status HTTP/1.1" 200 OK
INFO:sort.motion:GCodeDriver -> M114
INFO:     Shutting down
INFO:     Waiting for connections to close. (CTRL+C to force quit)
INFO:sort.motion:GCodeDriver <- echo:busy: paused for user
DEBUG:sort.motion:Position parsing - Raw line: 'echo:busy: paused for user'
DEBUG:sort.motion:Position parsing - After Count split: 'echo:busy: paused for user'
DEBUG:sort.motion:Position parsing - Parts: ['echo:busy:', 'paused', 'for', 'user']
DEBUG:sort.motion:Position parsing - Final result: (0.000, 0.000, 0.000) found=False
WARNING:sort.motion:query_position: no X/Y/Z tokens in driver response; returning cached position (0.0, 0.0, 145.0)
INFO:     127.0.0.1:49492 - "GET /status HTTP/1.1" 200 OK
INFO:     Waiting for application shutdown.
INFO:     Application shutdown complete.
INFO:     Finished server process [239166]
